tar: Ignoring unknown extended header keyword 'LIBARCHIVE.xattr.com.apple.provenance'
tar: Ignoring unknown extended header keyword 'LIBARCHIVE.xattr.com.apple.provenance'
tar: Ignoring unknown extended header keyword 'LIBARCHIVE.xattr.com.apple.provenance'
tar: Ignoring unknown extended header keyword 'LIBARCHIVE.xattr.com.apple.provenance'
tar: Ignoring unknown extended header keyword 'LIBARCHIVE.xattr.com.apple.provenance'
tar: Ignoring unknown extended header keyword 'LIBARCHIVE.xattr.com.apple.provenance'
tar: Ignoring unknown extended header keyword 'LIBARCHIVE.xattr.com.apple.provenance'
tar: Ignoring unknown extended header keyword 'LIBARCHIVE.xattr.com.apple.provenance'
tar: Ignoring unknown extended header keyword 'LIBARCHIVE.xattr.com.apple.provenance'
=== Revideo Rendering Pipeline Optimization — Verifier ===

=== Step 1: Source Code Scan ===
PASS: source scan

=== Step 2: Rebuilding Candidate Code ===
Patched 26 tsconfigs, symlinked 30 deps, wrote declarations
Building @revideo/telemetry...

> @revideo/telemetry@0.4.2 build
> tsc

npm notice
npm notice New major version of npm available! 10.8.2 -> 12.0.2
npm notice Changelog: https://github.com/npm/cli/releases/tag/v12.0.2
npm notice To update run: npm install -g npm@12.0.2
npm notice
Building @revideo/core...

> @revideo/core@0.4.2 build
> tspc -p tsconfig.build.json

Building @revideo/2d...
> tspc -p src/lib/tsconfig.build.json

src/lib/code/diff.ts(127,37): error TS2339: Property 'at' does not exist on type '[Subsequence]'.
src/lib/code/diff.ts(132,36): error TS2339: Property 'at' does not exist on type '[Subsequence]'.
src/lib/code/diff.ts(146,21): error TS2550: Property 'at' does not exist on type '[Subsequence][]'. Do you need to change your target library? Try changing the 'lib' compiler option to 'es2022' or later.
src/lib/code/diff.ts(147,24): error TS2550: Property 'at' does not exist on type 'Subsequence[]'. Do you need to change your target library? Try changing the 'lib' compiler option to 'es2022' or later.
src/lib/components/Code.ts(380,49): error TS2550: Property 'at' does not exist on type 'CodeRange[]'. Do you need to change your target library? Try changing the 'lib' compiler option to 'es2022' or later.
src/lib/components/SVG.ts(746,26): error TS2550: Property 'at' does not exist on type 'number[][]'. Do you need to change your target library? Try changing the 'lib' compiler option to 'es2022' or later.
src/lib/curves/PolynomialSegment.ts(116,26): error TS2550: Property 'at' does not exist on type 'Vector2[]'. Do you need to change your target library? Try changing the 'lib' compiler option to 'es2022' or later.
src/lib/curves/getBezierSplineProfile.ts(183,26): error TS2550: Property 'at' does not exist on type 'KnotInfo[]'. Do you need to change your target library? Try changing the 'lib' compiler option to 'es2022' or later.
src/lib/curves/getBezierSplineProfile.ts(184,34): error TS2550: Property 'at' does not exist on type 'KnotInfo[]'. Do you need to change your target library? Try changing the 'lib' compiler option to 'es2022' or later.
src/lib/curves/getPathProfile.ts(103,44): error TS2550: Property 'at' does not exist on type 'Segment[]'. Do you need to change your target library? Try changing the 'lib' compiler option to 'es2022' or later.
src/lib/curves/getPathProfile.ts(130,44): error TS2550: Property 'at' does not exist on type 'Segment[]'. Do you need to change your target library? Try changing the 'lib' compiler option to 'es2022' or later.
npm error Lifecycle script `build-lib` failed with error:
npm error code 2
npm error path /app/revideo/packages/2d
npm error workspace @revideo/2d@0.4.2
npm error location /app/revideo/packages/2d
npm error command failed
npm error command sh -c tspc -p src/lib/tsconfig.build.json
Building @revideo/ffmpeg...

> @revideo/ffmpeg@0.4.2 build
> tsc

Building @revideo/vite-plugin...

> @revideo/vite-plugin@0.4.2 build
> tsc

Building @revideo/renderer...

> @revideo/renderer@0.4.2 build
> npm run client:build && npm run server:build


> @revideo/renderer@0.4.2 client:build
> tsc --project client/tsconfig.json


> @revideo/renderer@0.4.2 server:build
> tsc --project server/tsconfig.json


> @revideo/renderer@0.4.2 postbuild
> ncp renderer.html lib/renderer.html

PASS: candidate build

=== Step 3: Setting Up Hidden Test Scenes ===
Copied 8 hidden test scenes

=== Step 4: ABBA Rendering ===
--- Warmup ---
=== Benchmark Results ===
Scenes: 0/1 succeeded
Total time: 47.3s

Results written to warmup_output/benchmark_results.json
Warmup complete

--- A1: Baseline ---
Found 8 scenes in /baseline/revideo/packages/benchmark/src/hidden_scenes_only
Output directory: ./abba_b1
Workers per render: 1

Rendering: hidden_dense_grid...
  hidden_dense_grid: FAILED (41.3s) — Timed out after waiting 30000ms
Rendering: hidden_graphics_complex...
Port 9000 is in use, trying another one...
  hidden_graphics_complex: FAILED (43.6s) — Timed out after waiting 30000ms
Rendering: hidden_multi_video...
Port 9000 is in use, trying another one...
Port 9001 is in use, trying another one...
  hidden_multi_video: FAILED (38.6s) — Timed out after waiting 30000ms
Rendering: hidden_rapid_cuts...
Port 9000 is in use, trying another one...
Port 9001 is in use, trying another one...
Port 9002 is in use, trying another one...
  hidden_rapid_cuts: FAILED (41.5s) — Timed out after waiting 30000ms
Rendering: hidden_text_animation...
Port 9000 is in use, trying another one...
Port 9001 is in use, trying another one...
Port 9002 is in use, trying another one...
Port 9003 is in use, trying another one...
  hidden_text_animation: FAILED (43.4s) — Timed out after waiting 30000ms
Rendering: hidden_video_long...
Port 9000 is in use, trying another one...
Port 9001 is in use, trying another one...
Port 9002 is in use, trying another one...
Port 9003 is in use, trying another one...
Port 9004 is in use, trying another one...
  hidden_video_long: FAILED (39.6s) — Timed out after waiting 30000ms
Rendering: hidden_video_overlay_complex...
Port 9000 is in use, trying another one...
Port 9001 is in use, trying another one...
Port 9002 is in use, trying another one...
Port 9003 is in use, trying another one...
Port 9004 is in use, trying another one...
Port 9005 is in use, trying another one...
  hidden_video_overlay_complex: FAILED (54.6s) — Timed out after waiting 30000ms
Rendering: hidden_video_scaled...
Port 9000 is in use, trying another one...
Port 9001 is in use, trying another one...
Port 9002 is in use, trying another one...
Port 9003 is in use, trying another one...
Port 9004 is in use, trying another one...
Port 9005 is in use, trying another one...
Port 9006 is in use, trying another one...
  hidden_video_scaled: FAILED (46.8s) — Timed out after waiting 30000ms

=== Benchmark Results ===
Scenes: 0/8 succeeded
Total time: 349.4s

Results written to abba_b1/benchmark_results.json
--- B1: Candidate ---
Found 8 scenes in /app/revideo/packages/benchmark/src/hidden_scenes_only
Output directory: ./abba_c1
Workers per render: 1

Rendering: hidden_dense_grid...
  hidden_dense_grid: FAILED (45.6s) — Timed out after waiting 30000ms
Rendering: hidden_graphics_complex...
Port 9000 is in use, trying another one...
  hidden_graphics_complex: FAILED (39.5s) — Timed out after waiting 30000ms
Rendering: hidden_multi_video...
Port 9000 is in use, trying another one...
Port 9001 is in use, trying another one...
  hidden_multi_video: FAILED (40.6s) — Timed out after waiting 30000ms
Rendering: hidden_rapid_cuts...
Port 9000 is in use, trying another one...
Port 9001 is in use, trying another one...
Port 9002 is in use, trying another one...
  hidden_rapid_cuts: FAILED (44.8s) — Timed out after waiting 30000ms
Rendering: hidden_text_animation...
Port 9000 is in use, trying another one...
Port 9001 is in use, trying another one...
Port 9002 is in use, trying another one...
Port 9003 is in use, trying another one...
  hidden_text_animation: FAILED (43.4s) — Timed out after waiting 30000ms
Rendering: hidden_video_long...
Port 9000 is in use, trying another one...
Port 9001 is in use, trying another one...
Port 9002 is in use, trying another one...
Port 9003 is in use, trying another one...
Port 9004 is in use, trying another one...
  hidden_video_long: FAILED (45.5s) — Timed out after waiting 30000ms
Rendering: hidden_video_overlay_complex...
Port 9000 is in use, trying another one...
Port 9001 is in use, trying another one...
Port 9002 is in use, trying another one...
Port 9003 is in use, trying another one...
Port 9004 is in use, trying another one...
Port 9005 is in use, trying another one...
  hidden_video_overlay_complex: FAILED (38.5s) — Timed out after waiting 30000ms
Rendering: hidden_video_scaled...
Port 9000 is in use, trying another one...
Port 9001 is in use, trying another one...
Port 9002 is in use, trying another one...
Port 9003 is in use, trying another one...
Port 9004 is in use, trying another one...
Port 9005 is in use, trying another one...
Port 9006 is in use, trying another one...
  hidden_video_scaled: FAILED (39.1s) — Timed out after waiting 30000ms

=== Benchmark Results ===
Scenes: 0/8 succeeded
Total time: 336.9s

Results written to abba_c1/benchmark_results.json
--- B2: Candidate ---
Found 8 scenes in /app/revideo/packages/benchmark/src/hidden_scenes_only
Output directory: ./abba_c2
Workers per render: 1

Rendering: hidden_dense_grid...
  hidden_dense_grid: FAILED (40.4s) — Timed out after waiting 30000ms
Rendering: hidden_graphics_complex...
Port 9000 is in use, trying another one...
  hidden_graphics_complex: FAILED (39.6s) — Timed out after waiting 30000ms
Rendering: hidden_multi_video...
Port 9000 is in use, trying another one...
Port 9001 is in use, trying another one...
  hidden_multi_video: FAILED (39.1s) — Timed out after waiting 30000ms
Rendering: hidden_rapid_cuts...
Port 9000 is in use, trying another one...
Port 9001 is in use, trying another one...
Port 9002 is in use, trying another one...
  hidden_rapid_cuts: FAILED (38.7s) — Timed out after waiting 30000ms
Rendering: hidden_text_animation...
Port 9000 is in use, trying another one...
Port 9001 is in use, trying another one...
Port 9002 is in use, trying another one...
Port 9003 is in use, trying another one...
  hidden_text_animation: FAILED (111.4s) — Timed out after waiting 30000ms
Rendering: hidden_video_long...
Port 9000 is in use, trying another one...
Port 9001 is in use, trying another one...
Port 9002 is in use, trying another one...
Port 9003 is in use, trying another one...
Port 9004 is in use, trying another one...
  hidden_video_long: FAILED (30.4s) — Timed out after 30000 ms while waiting for the WS endpoint URL to appear in stdout!
Rendering: hidden_video_overlay_complex...
Port 9000 is in use, trying another one...
Port 9001 is in use, trying another one...
Port 9002 is in use, trying another one...
Port 9003 is in use, trying another one...
Port 9004 is in use, trying another one...
Port 9005 is in use, trying another one...
  hidden_video_overlay_complex: FAILED (62.2s) — Timed out after waiting 30000ms
Rendering: hidden_video_scaled...
Port 9000 is in use, trying another one...
Port 9001 is in use, trying another one...
Port 9002 is in use, trying another one...
Port 9003 is in use, trying another one...
Port 9004 is in use, trying another one...
Port 9005 is in use, trying another one...
Port 9006 is in use, trying another one...
  hidden_video_scaled: FAILED (42.4s) — Timed out after waiting 30000ms

=== Benchmark Results ===
Scenes: 0/8 succeeded
Total time: 404.3s

Results written to abba_c2/benchmark_results.json
--- A2: Baseline ---
Found 8 scenes in /baseline/revideo/packages/benchmark/src/hidden_scenes_only
Output directory: ./abba_b2
Workers per render: 1

Rendering: hidden_dense_grid...
  hidden_dense_grid: FAILED (45.0s) — Timed out after waiting 30000ms
Rendering: hidden_graphics_complex...
Port 9000 is in use, trying another one...
  hidden_graphics_complex: FAILED (41.7s) — Timed out after waiting 30000ms
Rendering: hidden_multi_video...
Port 9000 is in use, trying another one...
Port 9001 is in use, trying another one...
  hidden_multi_video: FAILED (42.8s) — Timed out after waiting 30000ms
Rendering: hidden_rapid_cuts...
Port 9000 is in use, trying another one...
Port 9001 is in use, trying another one...
Port 9002 is in use, trying another one...
  hidden_rapid_cuts: FAILED (40.6s) — Timed out after waiting 30000ms
Rendering: hidden_text_animation...
Port 9000 is in use, trying another one...
Port 9001 is in use, trying another one...
Port 9002 is in use, trying another one...
Port 9003 is in use, trying another one...
  hidden_text_animation: FAILED (42.8s) — Timed out after waiting 30000ms
Rendering: hidden_video_long...
Port 9000 is in use, trying another one...
Port 9001 is in use, trying another one...
Port 9002 is in use, trying another one...
Port 9003 is in use, trying another one...
Port 9004 is in use, trying another one...
  hidden_video_long: FAILED (43.1s) — Timed out after waiting 30000ms
Rendering: hidden_video_overlay_complex...
Port 9000 is in use, trying another one...
Port 9001 is in use, trying another one...
Port 9002 is in use, trying another one...
Port 9003 is in use, trying another one...
Port 9004 is in use, trying another one...
Port 9005 is in use, trying another one...
  hidden_video_overlay_complex: FAILED (47.5s) — Timed out after waiting 30000ms
Rendering: hidden_video_scaled...
Port 9000 is in use, trying another one...
Port 9001 is in use, trying another one...
Port 9002 is in use, trying another one...
Port 9003 is in use, trying another one...
Port 9004 is in use, trying another one...
Port 9005 is in use, trying another one...
Port 9006 is in use, trying another one...
  hidden_video_scaled: FAILED (49.6s) — Timed out after waiting 30000ms

=== Benchmark Results ===
Scenes: 0/8 succeeded
Total time: 353.1s

Results written to abba_b2/benchmark_results.json
