Found 8 scenes in /app/revideo/packages/benchmark/src/hidden_scenes_only
Output directory: ./abba_c1
Workers per render: 1

Rendering: hidden_dense_grid...
  hidden_dense_grid: FAILED (45.6s) — Timed out after waiting 30000ms
Rendering: hidden_graphics_complex...
Port 9000 is in use, trying another one...
  hidden_graphics_complex: FAILED (39.5s) — Timed out after waiting 30000ms
Rendering: hidden_multi_video...
Port 9000 is in use, trying another one...
Port 9001 is in use, trying another one...
  hidden_multi_video: FAILED (40.6s) — Timed out after waiting 30000ms
Rendering: hidden_rapid_cuts...
Port 9000 is in use, trying another one...
Port 9001 is in use, trying another one...
Port 9002 is in use, trying another one...
  hidden_rapid_cuts: FAILED (44.8s) — Timed out after waiting 30000ms
Rendering: hidden_text_animation...
Port 9000 is in use, trying another one...
Port 9001 is in use, trying another one...
Port 9002 is in use, trying another one...
Port 9003 is in use, trying another one...
  hidden_text_animation: FAILED (43.4s) — Timed out after waiting 30000ms
Rendering: hidden_video_long...
Port 9000 is in use, trying another one...
Port 9001 is in use, trying another one...
Port 9002 is in use, trying another one...
Port 9003 is in use, trying another one...
Port 9004 is in use, trying another one...
  hidden_video_long: FAILED (45.5s) — Timed out after waiting 30000ms
Rendering: hidden_video_overlay_complex...
Port 9000 is in use, trying another one...
Port 9001 is in use, trying another one...
Port 9002 is in use, trying another one...
Port 9003 is in use, trying another one...
Port 9004 is in use, trying another one...
Port 9005 is in use, trying another one...
  hidden_video_overlay_complex: FAILED (38.5s) — Timed out after waiting 30000ms
Rendering: hidden_video_scaled...
Port 9000 is in use, trying another one...
Port 9001 is in use, trying another one...
Port 9002 is in use, trying another one...
Port 9003 is in use, trying another one...
Port 9004 is in use, trying another one...
Port 9005 is in use, trying another one...
Port 9006 is in use, trying another one...
  hidden_video_scaled: FAILED (39.1s) — Timed out after waiting 30000ms

=== Benchmark Results ===
Scenes: 0/8 succeeded
Total time: 336.9s

Results written to abba_c1/benchmark_results.json
